<UAVariable NodeId="ns=1;i=31" BrowseName="0:EURange" DataType="i=884" AccessLevel="3" ><DisplayName>EURange</DisplayName><Description></Description><References><Reference ReferenceType="i=40">i=68</Reference><Reference ReferenceType="i=46"  IsForward="false">ns=1;i=30</Reference></References><Value><ExtensionObject xmlns="http://opcfoundation.org/UA/2008/02/Types.xsd"><TypeId><Identifier>i=885</Identifier></TypeId><Body><Range><Low>0.0</Low><High>666.0</High></Range></Body></ExtensionObject></Value></UAVariable>
<UAVariable NodeId="ns=1;i=40" BrowseName="0:EURange" DataType="i=884" AccessLevel="3" ><DisplayName>EURange</DisplayName><Description></Description><References><Reference ReferenceType="i=40">i=68</Reference><Reference ReferenceType="i=46"  IsForward="false">ns=1;i=39</Reference></References><Value><ExtensionObject xmlns="http://opcfoundation.org/UA/2008/02/Types.xsd"><TypeId><Identifier>i=885</Identifier></TypeId><Body><Range><Low>2.2</Low><High>1984.2</High></Range></Body></ExtensionObject></Value></UAVariable>
