,id,NodePath
0,3909,Site1/
1,3953,Site1/NamingRuleEnumTest
2,3941,Site1/Site1.WaterInjectionTemplateCC
3,3942,Site1/Site1.WaterInjectionTemplateCC/ProductAspectName
4,3947,Site1/Site1.WaterInjectionTemplateCC/Site1.WaterInjectionChokeModuleInCC
5,3948,Site1/Site1.WaterInjectionTemplateCC/Site1.WaterInjectionChokeModuleInCC/ProductAspectName
6,3914,Site1/Site1.WaterInjectionTemplateCC/Site1.WaterInjectionChokeModuleInCC/Site1.ControlValveInCC
7,3918,Site1/Site1.WaterInjectionTemplateCC/Site1.WaterInjectionChokeModuleInCC/Site1.ControlValveInCC/CA_Y
8,3919,Site1/Site1.WaterInjectionTemplateCC/Site1.WaterInjectionChokeModuleInCC/Site1.ControlValveInCC/CA_Y/EURange
9,3920,Site1/Site1.WaterInjectionTemplateCC/Site1.WaterInjectionChokeModuleInCC/Site1.ControlValveInCC/CA_Y/EngineeringUnits
10,3915,Site1/Site1.WaterInjectionTemplateCC/Site1.WaterInjectionChokeModuleInCC/Site1.ControlValveInCC/CA_YR
11,3916,Site1/Site1.WaterInjectionTemplateCC/Site1.WaterInjectionChokeModuleInCC/Site1.ControlValveInCC/CA_YR/EURange
12,3917,Site1/Site1.WaterInjectionTemplateCC/Site1.WaterInjectionChokeModuleInCC/Site1.ControlValveInCC/CA_YR/EngineeringUnits
13,3921,Site1/Site1.WaterInjectionTemplateCC/Site1.WaterInjectionChokeModuleInCC/Site1.ControlValveInCC/FunctionalAspectName
14,3922,Site1/Site1.WaterInjectionTemplateCC/Site1.WaterInjectionChokeModuleInCC/Site1.ControlValveInCC/ProductAspectName
15,3945,Site1/Site1.WaterInjectionTemplateZA
16,3946,Site1/Site1.WaterInjectionTemplateZA/ProductAspectName
17,3951,Site1/Site1.WaterInjectionTemplateZA/Site1.WaterInjectionChokeModuleInZA
18,3952,Site1/Site1.WaterInjectionTemplateZA/Site1.WaterInjectionChokeModuleInZA/ProductAspectName
19,3932,Site1/Site1.WaterInjectionTemplateZA/Site1.WaterInjectionChokeModuleInZA/Site1.ControlValveInZA
20,3938,Site1/Site1.WaterInjectionTemplateZA/Site1.WaterInjectionChokeModuleInZA/Site1.ControlValveInZA/CA_Y
21,3939,Site1/Site1.WaterInjectionTemplateZA/Site1.WaterInjectionChokeModuleInZA/Site1.ControlValveInZA/CA_Y/EURange
22,3940,Site1/Site1.WaterInjectionTemplateZA/Site1.WaterInjectionChokeModuleInZA/Site1.ControlValveInZA/CA_Y/EngineeringUnits
23,3935,Site1/Site1.WaterInjectionTemplateZA/Site1.WaterInjectionChokeModuleInZA/Site1.ControlValveInZA/CA_YR
24,3936,Site1/Site1.WaterInjectionTemplateZA/Site1.WaterInjectionChokeModuleInZA/Site1.ControlValveInZA/CA_YR/EURange
25,3937,Site1/Site1.WaterInjectionTemplateZA/Site1.WaterInjectionChokeModuleInZA/Site1.ControlValveInZA/CA_YR/EngineeringUnits
26,3933,Site1/Site1.WaterInjectionTemplateZA/Site1.WaterInjectionChokeModuleInZA/Site1.ControlValveInZA/FunctionalAspectName
27,3934,Site1/Site1.WaterInjectionTemplateZA/Site1.WaterInjectionChokeModuleInZA/Site1.ControlValveInZA/ProductAspectName
28,3943,Site1/Site1.WaterInjectionTemplateZB
29,3944,Site1/Site1.WaterInjectionTemplateZB/ProductAspectName
30,3949,Site1/Site1.WaterInjectionTemplateZB/Site1.WaterInjectionChokeModuleInZB
31,3950,Site1/Site1.WaterInjectionTemplateZB/Site1.WaterInjectionChokeModuleInZB/ProductAspectName
32,3923,Site1/Site1.WaterInjectionTemplateZB/Site1.WaterInjectionChokeModuleInZB/Site1.ControlValveInZB
33,3927,Site1/Site1.WaterInjectionTemplateZB/Site1.WaterInjectionChokeModuleInZB/Site1.ControlValveInZB/CA_Y
34,3928,Site1/Site1.WaterInjectionTemplateZB/Site1.WaterInjectionChokeModuleInZB/Site1.ControlValveInZB/CA_Y/EURange
35,3929,Site1/Site1.WaterInjectionTemplateZB/Site1.WaterInjectionChokeModuleInZB/Site1.ControlValveInZB/CA_Y/EngineeringUnits
36,3924,Site1/Site1.WaterInjectionTemplateZB/Site1.WaterInjectionChokeModuleInZB/Site1.ControlValveInZB/CA_YR
37,3925,Site1/Site1.WaterInjectionTemplateZB/Site1.WaterInjectionChokeModuleInZB/Site1.ControlValveInZB/CA_YR/EURange
38,3926,Site1/Site1.WaterInjectionTemplateZB/Site1.WaterInjectionChokeModuleInZB/Site1.ControlValveInZB/CA_YR/EngineeringUnits
39,3930,Site1/Site1.WaterInjectionTemplateZB/Site1.WaterInjectionChokeModuleInZB/Site1.ControlValveInZB/FunctionalAspectName
40,3931,Site1/Site1.WaterInjectionTemplateZB/Site1.WaterInjectionChokeModuleInZB/Site1.ControlValveInZB/ProductAspectName
